// Jest Snapshot v1, https://goo.gl/fbAQLP

exports[`server-side appendUniversalPortals adds static mackup from portals to rendered HTML 1`] = `
"<html><head>
            <meta charset=\\"utf-8\\">
          <title>Hello, World!</title></head>
          <body>
            <div id=\\"root\\"></div>
          
        
      <h1>Hello, World!</h1></body></html>"
`;
